// Jest Snapshot v1, https://goo.gl/fbAQLP

exports[`NoteItems should match the snapshot 1`] = `
<div>
  <div
    id={1}
    key="1"
  >
    Dylan
  </div>
  <div
    id={2}
    key="2"
  >
    Justin
  </div>
  <div
    id={3}
    key="3"
  >
    Shannon
  </div>
</div>
`;
