// Jest Snapshot v1, https://goo.gl/fbAQLP

exports[`ErrorDisplay should render with no error and match snapshot 1`] = `
<div>
  <h2>
    Error 404
  </h2>
  <h3>
    Page not found.
  </h3>
  <p>
    The path localhost:/3000
     was not found.
  </p>
  <NavLink
    activeClassName="active"
    aria-current="page"
    to="/"
  >
    <button>
      Return Home
    </button>
  </NavLink>
</div>
`;
